  Determining projects to restore...
  All projects are up-to-date for restore.
D:\OTCNEW\OTC.Api\Controllers\DashboardController.cs(18,66): error CS0246: The type or namespace name 'DashboardRequest' could not be found (are you missing a using directive or an assembly reference?) [D:\OTCNEW\OTC.Api\OTC.Api.csproj]

Build FAILED.

D:\OTCNEW\OTC.Api\Controllers\DashboardController.cs(18,66): error CS0246: The type or namespace name 'DashboardRequest' could not be found (are you missing a using directive or an assembly reference?) [D:\OTCNEW\OTC.Api\OTC.Api.csproj]
    0 Warning(s)
    1 Error(s)

Time Elapsed 00:00:01.92
